// Jest Snapshot v1, https://goo.gl/fbAQLP

exports[`app renders <App /> components 1`] = `ShallowWrapper {}`;
